3
8 0
19 1
1 2
16 0
3 2
5 1
9 1
12 2
6 0
14 1
0 2
18 0
11 0
2 0
4 1
13 0
15 0
7 1
10 2
17 1