4
7 0
9 1
0 1
1 0
11 2
6 1
8 3
2 2
4 0
14 1
13 0
10 0
3 0
12 2
5 1